# Result for NestedUbdDriver
  OK: 10.program
  OK: 20.program
  OK: 30.program
  OK: 40.program
  OK: 50.program
  OK: 60.program
  OK: 70.program
  OK: 80.program
  OK: 90.program
  OK: 100.program

All outputs match.
Program       DYNAMIC       STATIC        SYNTH         
-------       -------       -------       -------       
10.program    3.452s        3.368s        3.523s        
20.program    4.399s        5.311s        4.384s        
30.program    4.235s        5.145s        4.882s        
40.program    7.933s        9.306s        6.801s        
50.program    9.322s        11.250s       8.877s        
60.program    7.466s        8.112s        7.042s        
70.program    10.286s       12.718s       9.740s        
80.program    11.910s       16.537s       11.722s       
90.program    11.271s       14.878s       10.504s       
100.program   16.802s       18.746s       14.583s       
