# Result for NestedUbdFiberDriver
  OK: 10.program
  OK: 20.program
  OK: 30.program
  OK: 40.program
  OK: 50.program
  OK: 60.program
  OK: 70.program
  OK: 80.program
  OK: 90.program
  OK: 100.program

All outputs match.
Program       DYNAMIC       STATIC        SYNTH         
-------       -------       -------       -------       
10.program    3.173s        2.869s        3.213s        
20.program    3.793s        3.145s        3.199s        
30.program    3.915s        3.401s        3.706s        
40.program    5.299s        5.183s        5.598s        
50.program    7.435s        8.162s        7.933s        
60.program    7.443s        6.123s        6.572s        
70.program    9.137s        8.493s        8.368s        
80.program    15.449s       13.226s       12.963s       
90.program    13.858s       14.986s       12.675s       
100.program   17.437s       17.233s       18.009s       
